To honour the JVM settings for this build a single-use Daemon process will be forked. For more on this, please refer to https://docs.gradle.org/8.13/userguide/gradle_daemon.html#sec:disabling_the_daemon in the Gradle documentation.
Daemon will be stopped at the end of the build 
> Task :app:prepareFreshModuleBuildDir
> Task :app:preBuild
> Task :app:preDebugBuild
> Task :app:mergeDebugNativeDebugMetadata NO-SOURCE
> Task :app:checkKotlinGradlePluginConfigurationErrors SKIPPED
> Task :app:processDebugNavigationResources
> Task :app:checkDebugAarMetadata
> Task :app:generateDebugResValues
> Task :app:compileDebugNavigationResources
> Task :app:mapDebugSourceSetPaths
> Task :app:generateDebugResources
> Task :app:packageDebugResources
> Task :app:createDebugCompatibleScreenManifests
> Task :app:extractDeepLinksDebug
> Task :app:mergeDebugResources
> Task :app:parseDebugLocalResources
> Task :app:processDebugMainManifest
> Task :app:processDebugManifest
> Task :app:processDebugManifestForPackage
> Task :app:javaPreCompileDebug
> Task :app:mergeDebugShaders
> Task :app:compileDebugShaders NO-SOURCE
> Task :app:generateDebugAssets UP-TO-DATE
> Task :app:mergeDebugAssets
> Task :app:compressDebugAssets
> Task :app:desugarDebugFileDependencies
> Task :app:mergeDebugJniLibFolders
> Task :app:checkDebugDuplicateClasses
> Task :app:mergeDebugNativeLibs
> Task :app:mergeLibDexDebug

> Task :app:stripDebugDebugSymbols
Unable to strip the following libraries, packaging them as they are: libandroidx.graphics.path.so. Run with --info option to learn more.

> Task :app:validateSigningDebug
> Task :app:writeDebugAppMetadata
> Task :app:writeDebugSigningConfigVersions
> Task :app:preReleaseBuild
> Task :app:mergeReleaseJniLibFolders
> Task :app:mergeReleaseNativeLibs

> Task :app:stripReleaseDebugSymbols
Unable to strip the following libraries, packaging them as they are: libandroidx.graphics.path.so. Run with --info option to learn more.

> Task :app:checkReleaseDuplicateClasses
> Task :app:processDebugResources
> Task :app:buildKotlinToolingMetadata
> Task :app:checkReleaseAarMetadata
> Task :app:processReleaseNavigationResources
> Task :app:extractReleaseNativeSymbolTables
> Task :app:compileReleaseNavigationResources
> Task :app:mergeReleaseNativeDebugMetadata NO-SOURCE
> Task :app:generateReleaseResValues
> Task :app:mapReleaseSourceSetPaths
> Task :app:generateReleaseResources
> Task :app:packageReleaseResources
> Task :app:parseReleaseLocalResources
> Task :app:createReleaseCompatibleScreenManifests
> Task :app:extractDeepLinksRelease
> Task :app:processReleaseMainManifest
> Task :app:processReleaseManifest
> Task :app:javaPreCompileRelease
> Task :app:desugarReleaseFileDependencies
> Task :app:mergeReleaseStartupProfile UP-TO-DATE
> Task :app:mergeReleaseShaders
> Task :app:compileReleaseShaders NO-SOURCE
> Task :app:generateReleaseAssets UP-TO-DATE
> Task :app:mergeReleaseAssets
> Task :app:mergeReleaseArtProfile
> Task :app:compressReleaseAssets
> Task :app:extractReleaseVersionControlInfo
> Task :app:mergeReleaseResources
> Task :app:extractProguardFiles
> Task :app:collectReleaseDependencies
> Task :app:sdkReleaseDependencyData
> Task :app:writeReleaseAppMetadata
> Task :app:writeReleaseSigningConfigVersions
> Task :app:preDebugAndroidTestBuild SKIPPED
> Task :app:generateDebugAndroidTestResValues
> Task :app:preDebugUnitTestBuild
> Task :app:preReleaseUnitTestBuild
> Task :app:javaPreCompileDebugUnitTest
> Task :app:javaPreCompileReleaseUnitTest
> Task :app:processReleaseManifestForPackage
> Task :app:processReleaseResources
> Task :app:optimizeReleaseResources
> Task :app:mergeExtDexRelease
> Task :app:mergeExtDexDebug

> Task :app:compileDebugKotlin FAILED
.\gradlew.bat : e: file:///E:/BCU/KLTN/FEBuddy/app/src/main/java/com/thinh/aistudybuddy/ui/theme/AppNavigation.kt:57:35 Unresolved reference 'setDebugAccountIdentity'.
At line:1 char:37
+ ... n "E:\BCU\KLTN\FEBuddy"; .\gradlew.bat build --no-daemon 2>&1 | Tee-O ...
+                              ~~~~~~~~~~~~~~~~~~~~~~~~~~~~~~~~~~~~
    + CategoryInfo          : NotSpecified: (e: file:///E:/B...countIdentity'.:String) [], RemoteException
    + FullyQualifiedErrorId : NativeCommandError
 
e: file:///E:/BCU/KLTN/FEBuddy/app/src/main/java/com/thinh/aistudybuddy/ui/theme/AppNavigation.kt:58:112 Unresolved reference 'debugAccountKeyHashForLogs'.
e: file:///E:/BCU/KLTN/FEBuddy/app/src/main/java/com/thinh/aistudybuddy/ui/theme/AppNavigation.kt:59:35 Unresolved reference 'markNewChatLandingAfterLogin'.
e: file:///E:/BCU/KLTN/FEBuddy/app/src/main/java/com/thinh/aistudybuddy/ui/theme/screens/ChatScreen.kt:135:30 Unresolved reference 'successMessage'.
e: file:///E:/BCU/KLTN/FEBuddy/app/src/main/java/com/thinh/aistudybuddy/ui/theme/screens/ChatScreen.kt:136:33 Unresolved reference 'successMessage'.
e: file:///E:/BCU/KLTN/FEBuddy/app/src/main/java/com/thinh/aistudybuddy/ui/theme/screens/ChatScreen.kt:138:19 Unresolved reference 'consumeSuccessMessage'.
e: file:///E:/BCU/KLTN/FEBuddy/app/src/main/java/com/thinh/aistudybuddy/ui/theme/screens/ConversationHistoryScreen.kt:54:41 Unresolved reference 'ConversationStudyPlanItem'.
e: file:///E:/BCU/KLTN/FEBuddy/app/src/main/java/com/thinh/aistudybuddy/ui/theme/screens/ConversationHistoryScreen.kt:55:41 Unresolved reference 'ConversationStudyPlanLessonItem'.
e: file:///E:/BCU/KLTN/FEBuddy/app/src/main/java/com/thinh/aistudybuddy/ui/theme/screens/ConversationHistoryScreen.kt:75:25 Cannot infer type for this parameter. Please specify it explicitly.
e: file:///E:/BCU/KLTN/FEBuddy/app/src/main/java/com/thinh/aistudybuddy/ui/theme/screens/ConversationHistoryScreen.kt:75:25 Not enough information to infer type argument for 'T'.
e: file:///E:/BCU/KLTN/FEBuddy/app/src/main/java/com/thinh/aistudybuddy/ui/theme/screens/ConversationHistoryScreen.kt:75:34 Cannot infer type for this parameter. Please specify it explicitly.
e: file:///E:/BCU/KLTN/FEBuddy/app/src/main/java/com/thinh/aistudybuddy/ui/theme/screens/ConversationHistoryScreen.kt:75:51 Unresolved reference 'ConversationStudyPlanItem'.
e: file:///E:/BCU/KLTN/FEBuddy/app/src/main/java/com/thinh/aistudybuddy/ui/theme/screens/ConversationHistoryScreen.kt:75:79 Null cannot be a value of a non-null type 'T'.
e: file:///E:/BCU/KLTN/FEBuddy/app/src/main/java/com/thinh/aistudybuddy/ui/theme/screens/ConversationHistoryScreen.kt:85:43 Unresolved reference 'getConversationStudyPlans'.
e: file:///E:/BCU/KLTN/FEBuddy/app/src/main/java/com/thinh/aistudybuddy/ui/theme/screens/ConversationHistoryScreen.kt:103:39 Unresolved reference 'lessonCount'.
e: file:///E:/BCU/KLTN/FEBuddy/app/src/main/java/com/thinh/aistudybuddy/ui/theme/screens/ConversationHistoryScreen.kt:246:46 Unresolved reference 'title'.
e: file:///E:/BCU/KLTN/FEBuddy/app/src/main/java/com/thinh/aistudybuddy/ui/theme/screens/ConversationHistoryScreen.kt:247:52 Unresolved reference 'lessonCount'.
e: file:///E:/BCU/KLTN/FEBuddy/app/src/main/java/com/thinh/aistudybuddy/ui/theme/screens/ConversationHistoryScreen.kt:257:45 Unresolved reference 'lessons'.
e: file:///E:/BCU/KLTN/FEBuddy/app/src/main/java/com/thinh/aistudybuddy/ui/theme/screens/ConversationHistoryScreen.kt:281:31 Argument type mismatch: actual type is 'kotlin.String', but 'kotlin.Int' was expected.
e: file:///E:/BCU/KLTN/FEBuddy/app/src/main/java/com/thinh/aistudybuddy/ui/theme/screens/ConversationHistoryScreen.kt:282:76 Unresolved reference 'documentId'.
e: file:///E:/BCU/KLTN/FEBuddy/app/src/main/java/com/thinh/aistudybuddy/ui/theme/screens/ConversationHistoryScreen.kt:283:29 @Composable invocations can only happen from the context of a @Composable function
e: file:///E:/BCU/KLTN/FEBuddy/app/src/main/java/com/thinh/aistudybuddy/ui/theme/screens/ConversationHistoryScreen.kt:287:51 Cannot infer type for this parameter. Please specify it explicitly.
e: file:///E:/BCU/KLTN/FEBuddy/app/src/main/java/com/thinh/aistudybuddy/ui/theme/screens/ConversationHistoryScreen.kt:287:51 Unresolved reference. None of the following candidates is applicable because of a receiver type 
mismatch:
fun <T, R> T.let(block: (T) -> R): R
    [R|Contract description]
     <
        CallsInPlace(block, EXACTLY_ONCE)
    >
e: file:///E:/BCU/KLTN/FEBuddy/app/src/main/java/com/thinh/aistudybuddy/ui/theme/screens/ConversationHistoryScreen.kt:287:57 Cannot infer type for this parameter. Please specify it explicitly.
e: file:///E:/BCU/KLTN/FEBuddy/app/src/main/java/com/thinh/aistudybuddy/ui/theme/screens/ConversationHistoryScreen.kt:288:59 Unresolved reference 'rawJson'.
e: file:///E:/BCU/KLTN/FEBuddy/app/src/main/java/com/thinh/aistudybuddy/ui/theme/screens/ConversationHistoryScreen.kt:288:75 Unresolved reference 'lessonId'.
e: file:///E:/BCU/KLTN/FEBuddy/app/src/main/java/com/thinh/aistudybuddy/ui/theme/screens/ConversationHistoryScreen.kt:369:13 Unresolved reference 'ConversationStudyPlanLessonItem'.
e: file:///E:/BCU/KLTN/FEBuddy/app/src/main/java/com/thinh/aistudybuddy/ui/theme/screens/ConversationHistoryScreen.kt:400:36 Unresolved reference 'title'.
e: file:///E:/BCU/KLTN/FEBuddy/app/src/main/java/com/thinh/aistudybuddy/ui/theme/screens/ConversationHistoryScreen.kt:402:46 Unresolved reference 'order'.

> Task :app:compileReleaseKotlin FAILED
e: file:///E:/BCU/KLTN/FEBuddy/app/src/main/java/com/thinh/aistudybuddy/ui/theme/AppNavigation.kt:57:35 Unresolved reference 'setDebugAccountIdentity'.
e: file:///E:/BCU/KLTN/FEBuddy/app/src/main/java/com/thinh/aistudybuddy/ui/theme/AppNavigation.kt:58:112 Unresolved reference 'debugAccountKeyHashForLogs'.
e: file:///E:/BCU/KLTN/FEBuddy/app/src/main/java/com/thinh/aistudybuddy/ui/theme/AppNavigation.kt:59:35 Unresolved reference 'markNewChatLandingAfterLogin'.
e: file:///E:/BCU/KLTN/FEBuddy/app/src/main/java/com/thinh/aistudybuddy/ui/theme/screens/ChatScreen.kt:135:30 Unresolved reference 'successMessage'.
e: file:///E:/BCU/KLTN/FEBuddy/app/src/main/java/com/thinh/aistudybuddy/ui/theme/screens/ChatScreen.kt:136:33 Unresolved reference 'successMessage'.
e: file:///E:/BCU/KLTN/FEBuddy/app/src/main/java/com/thinh/aistudybuddy/ui/theme/screens/ChatScreen.kt:138:19 Unresolved reference 'consumeSuccessMessage'.
e: file:///E:/BCU/KLTN/FEBuddy/app/src/main/java/com/thinh/aistudybuddy/ui/theme/screens/ConversationHistoryScreen.kt:54:41 Unresolved reference 'ConversationStudyPlanItem'.
e: file:///E:/BCU/KLTN/FEBuddy/app/src/main/java/com/thinh/aistudybuddy/ui/theme/screens/ConversationHistoryScreen.kt:55:41 Unresolved reference 'ConversationStudyPlanLessonItem'.
e: file:///E:/BCU/KLTN/FEBuddy/app/src/main/java/com/thinh/aistudybuddy/ui/theme/screens/ConversationHistoryScreen.kt:75:25 Cannot infer type for this parameter. Please specify it explicitly.
e: file:///E:/BCU/KLTN/FEBuddy/app/src/main/java/com/thinh/aistudybuddy/ui/theme/screens/ConversationHistoryScreen.kt:75:25 Not enough information to infer type argument for 'T'.
e: file:///E:/BCU/KLTN/FEBuddy/app/src/main/java/com/thinh/aistudybuddy/ui/theme/screens/ConversationHistoryScreen.kt:75:34 Cannot infer type for this parameter. Please specify it explicitly.
e: file:///E:/BCU/KLTN/FEBuddy/app/src/main/java/com/thinh/aistudybuddy/ui/theme/screens/ConversationHistoryScreen.kt:75:51 Unresolved reference 'ConversationStudyPlanItem'.
e: file:///E:/BCU/KLTN/FEBuddy/app/src/main/java/com/thinh/aistudybuddy/ui/theme/screens/ConversationHistoryScreen.kt:75:79 Null cannot be a value of a non-null type 'T'.
e: file:///E:/BCU/KLTN/FEBuddy/app/src/main/java/com/thinh/aistudybuddy/ui/theme/screens/ConversationHistoryScreen.kt:85:43 Unresolved reference 'getConversationStudyPlans'.
e: file:///E:/BCU/KLTN/FEBuddy/app/src/main/java/com/thinh/aistudybuddy/ui/theme/screens/ConversationHistoryScreen.kt:103:39 Unresolved reference 'lessonCount'.
e: file:///E:/BCU/KLTN/FEBuddy/app/src/main/java/com/thinh/aistudybuddy/ui/theme/screens/ConversationHistoryScreen.kt:246:46 Unresolved reference 'title'.
e: file:///E:/BCU/KLTN/FEBuddy/app/src/main/java/com/thinh/aistudybuddy/ui/theme/screens/ConversationHistoryScreen.kt:247:52 Unresolved reference 'lessonCount'.
e: file:///E:/BCU/KLTN/FEBuddy/app/src/main/java/com/thinh/aistudybuddy/ui/theme/screens/ConversationHistoryScreen.kt:257:45 Unresolved reference 'lessons'.
e: file:///E:/BCU/KLTN/FEBuddy/app/src/main/java/com/thinh/aistudybuddy/ui/theme/screens/ConversationHistoryScreen.kt:281:31 Argument type mismatch: actual type is 'kotlin.String', but 'kotlin.Int' was expected.
e: file:///E:/BCU/KLTN/FEBuddy/app/src/main/java/com/thinh/aistudybuddy/ui/theme/screens/ConversationHistoryScreen.kt:282:76 Unresolved reference 'documentId'.
e: file:///E:/BCU/KLTN/FEBuddy/app/src/main/java/com/thinh/aistudybuddy/ui/theme/screens/ConversationHistoryScreen.kt:283:29 @Composable invocations can only happen from the context of a @Composable function
e: file:///E:/BCU/KLTN/FEBuddy/app/src/main/java/com/thinh/aistudybuddy/ui/theme/screens/ConversationHistoryScreen.kt:287:51 Cannot infer type for this parameter. Please specify it explicitly.
e: file:///E:/BCU/KLTN/FEBuddy/app/src/main/java/com/thinh/aistudybuddy/ui/theme/screens/ConversationHistoryScreen.kt:287:51 Unresolved reference. None of the following candidates is applicable because of a receiver type 
mismatch:
fun <T, R> T.let(block: (T) -> R): R
    [R|Contract description]
     <
        CallsInPlace(block, EXACTLY_ONCE)
    >
e: file:///E:/BCU/KLTN/FEBuddy/app/src/main/java/com/thinh/aistudybuddy/ui/theme/screens/ConversationHistoryScreen.kt:287:57 Cannot infer type for this parameter. Please specify it explicitly.
e: file:///E:/BCU/KLTN/FEBuddy/app/src/main/java/com/thinh/aistudybuddy/ui/theme/screens/ConversationHistoryScreen.kt:288:59 Unresolved reference 'rawJson'.
e: file:///E:/BCU/KLTN/FEBuddy/app/src/main/java/com/thinh/aistudybuddy/ui/theme/screens/ConversationHistoryScreen.kt:288:75 Unresolved reference 'lessonId'.
e: file:///E:/BCU/KLTN/FEBuddy/app/src/main/java/com/thinh/aistudybuddy/ui/theme/screens/ConversationHistoryScreen.kt:369:13 Unresolved reference 'ConversationStudyPlanLessonItem'.
e: file:///E:/BCU/KLTN/FEBuddy/app/src/main/java/com/thinh/aistudybuddy/ui/theme/screens/ConversationHistoryScreen.kt:400:36 Unresolved reference 'title'.
e: file:///E:/BCU/KLTN/FEBuddy/app/src/main/java/com/thinh/aistudybuddy/ui/theme/screens/ConversationHistoryScreen.kt:402:46 Unresolved reference 'order'.

FAILURE: Build completed with 2 failures.

1: Task failed with an exception.
-----------
* What went wrong:
Execution failed for task ':app:compileDebugKotlin'.
> A failure occurred while executing org.jetbrains.kotlin.compilerRunner.GradleCompilerRunnerWithWorkers$GradleKotlinCompilerWorkAction
   > Compilation error. See log for more details

* Try:
> Run with --stacktrace option to get the stack trace.
> Run with --info or --debug option to get more log output.
> Run with --scan to get full insights.
> Get more help at https://help.gradle.org.
==============================================================================

2: Task failed with an exception.
-----------
* What went wrong:
Execution failed for task ':app:compileReleaseKotlin'.
> A failure occurred while executing org.jetbrains.kotlin.compilerRunner.GradleCompilerRunnerWithWorkers$GradleKotlinCompilerWorkAction
   > Compilation error. See log for more details

* Try:
> Run with --stacktrace option to get the stack trace.
> Run with --info or --debug option to get more log output.
> Run with --scan to get full insights.
> Get more help at https://help.gradle.org.
==============================================================================

BUILD FAILED in 33s
71 actionable tasks: 70 executed, 1 up-to-date
